
=== [anpd] notícias recentes (modo=base)
    GET https://www.gov.br/anpd/++api++/@search?b_size=50&sort_on=effective&sort_order=descending&portal_type=News+Item
    status=200 ct=application/json bytes=147204 t=0.49s
    info: {"items_total": 91, "items_len": 50, "amostra_titulos": ["ECA Digital completa um ano e é marco na proteção de criança|", "Projeto Sandbox Regulatório de IA da ANPD é finalista de prê|", "ANPD abre inscrições para audiência e inicia consulta públic|"]}
    amostra: { "@id": "https://www.gov.br/anpd/@search?portal_type=News+Item", "batching": { "@id": "https://www.gov.br/anpd/@search?b_size=50&sort_on=effective&sort_order=descending&portal_type=News+Item

=== [anpd] notícias por tema :: inteligência artificial (modo=base)
    GET https://www.gov.br/anpd/++api++/@search?SearchableText=intelig%C3%AAncia%20artificial&portal_type=News%20Item&b_size=20&sort_on=effective&sort_order=descending
    status=200 ct=application/json bytes=61774 t=0.46s
    info: {"items_total": 23, "items_len": 20, "amostra_titulos": ["ECA Digital completa um ano e é marco na proteção de criança|", "Projeto Sandbox Regulatório de IA da ANPD é finalista de prê|", "ANPD abre tomadas de subsídios sobre próxima agenda regulató|"]}
    amostra: { "@id": "https://www.gov.br/anpd/@search?SearchableText=intelig%C3%AAncia+artificial&portal_type=News+Item", "batching": { "@id": "https://www.gov.br/anpd/@search?SearchableText=intelig%C3%A

=== [anpd] notícias por tema :: algoritmo (modo=base)
    GET https://www.gov.br/anpd/++api++/@search?SearchableText=algoritmo&portal_type=News%20Item&b_size=20&sort_on=effective&sort_order=descending
    status=200 ct=application/json bytes=130 t=0.46s
    info: {"items_total": 0, "items_len": 0, "amostra_titulos": []}
    amostra: { "@id": "https://www.gov.br/anpd/@search?SearchableText=algoritmo&portal_type=News+Item", "items": [], "items_total": 0 }

=== [anpd] regulação e normas (modo=base)
    GET https://www.gov.br/anpd/++api++/@search?b_size=50&sort_on=effective&sort_order=descending&path=%2Fpt-br%2Fassuntos%2Fregulacao
    status=200 ct=application/json bytes=74957 t=0.46s
    info: {"items_total": 85, "items_len": 50, "amostra_titulos": ["relatorio_inteligencia_regulatória.pdf|", "SEI_0325517_Nota_Tecnica_5_assinado_assinado_Hugo Jordane Lu|", "capa balanço agenda regulatoria 2025-2026 - 1 SEM 2026|"]}
    amostra: { "@id": "https://www.gov.br/anpd/@search?path=%2Fpt-br%2Fassuntos%2Fregulacao", "batching": { "@id": "https://www.gov.br/anpd/@search?b_size=50&sort_on=effective&sort_order=descending&path=%

=== [anpd] consultas públicas (modo=base)
    GET https://www.gov.br/anpd/++api++/@search?b_size=50&sort_on=effective&sort_order=descending&SearchableText=consulta+p%C3%BAblica
    status=200 ct=application/json bytes=64482 t=0.47s
    info: {"items_total": 288, "items_len": 50, "amostra_titulos": ["ECA Digital completa um ano e é marco na proteção de criança|", "AVISO DE CONSULTA PÚBLICA - ANPD Nº 1:2026.pdf|", "ANPD abre inscrições para audiência e inicia consulta públic|"]}
    amostra: { "@id": "https://www.gov.br/anpd/@search?SearchableText=consulta+p%C3%BAblica", "batching": { "@id": "https://www.gov.br/anpd/@search?b_size=50&sort_on=effective&sort_order=descending&Search

=== [anpd] tomada de subsídios (modo=base)
    GET https://www.gov.br/anpd/++api++/@search?b_size=50&sort_on=effective&sort_order=descending&SearchableText=tomada+de+subs%C3%ADdios
    status=200 ct=application/json bytes=64345 t=0.46s
    info: {"items_total": 243, "items_len": 50, "amostra_titulos": ["ECA Digital completa um ano e é marco na proteção de criança|", "ANPD abre tomadas de subsídios sobre próxima agenda regulató|", "PORTARIA Nº 11, DE 27 DE JANEIRO DE 2021|"]}
    amostra: { "@id": "https://www.gov.br/anpd/@search?SearchableText=tomada+de+subs%C3%ADdios", "batching": { "@id": "https://www.gov.br/anpd/@search?b_size=50&sort_on=effective&sort_order=descending&Sea

=== [anpd] atos normativos (arquivos) (modo=base)
    GET https://www.gov.br/anpd/++api++/@search?b_size=50&sort_on=effective&sort_order=descending&portal_type=File&SearchableText=resolu%C3%A7%C3%A3o
    status=200 ct=application/json bytes=31880 t=0.46s
    info: {"items_total": 293, "items_len": 50, "amostra_titulos": ["TS 05.2026 - Minuta da Resolução Agenda de ARR.pdf|", "Reunião CIG 09.2023 - 06.10.2023.pdf|", "Ata CIG 06 2023_30062023.pdf|"]}
    amostra: { "@id": "https://www.gov.br/anpd/@search?portal_type=File&SearchableText=resolu%C3%A7%C3%A3o", "batching": { "@id": "https://www.gov.br/anpd/@search?b_size=50&sort_on=effective&sort_order=de

=== [cnj] atos normativos recentes (modo=base)
    GET https://atos.cnj.jus.br/api/atos
    status=200 ct=application/json bytes=42201 t=0.6s
    info: {"total": 6695, "data_len": 10, "amostra_titulos": ["<p style=\"text-align:justify\">Altera a Resolução CNJ n&ordm;|", "<p style=\"text-align:justify\">Altera o Provimento n. 255, de|", "<p>1. Conceder, durante o plantão judiciário, medida com imp|"], "links": 37}
    amostra: {"message":"Atos encontrados","total":6695,"per_page":10,"current_page":1,"last_page":670,"from":1,"to":10,"data":[{"id":7043,"tipo":"Resolu\u00e7\u00e3o","numero":697,"data_publicacao":"2026-09-16","

=== [cnj] atos normativos recentes (página 2) (modo=base)
    GET https://atos.cnj.jus.br/api/atos?page=2
    status=200 ct=application/json bytes=69082 t=0.28s
    info: {"total": 6695, "data_len": 10, "amostra_titulos": ["<p style=\"text-align:justify\">Altera a Portaria Presidência |", "<p style=\"text-align:justify\">Dispõe sobre a prorrogação do |", "<p>1. Nova resolução para os concursos de cartórios;</p>\r\n\r\n|"], "links": 25}
    amostra: {"message":"Atos encontrados","total":6695,"per_page":10,"current_page":2,"last_page":670,"from":11,"to":20,"data":[{"id":7034,"tipo":"Portaria","numero":420,"data_publicacao":"2026-09-08","situacao":

=== [cnj] atos normativos recentes (página 3) (modo=base)
    GET https://atos.cnj.jus.br/api/atos?page=3
    status=200 ct=application/json bytes=265901 t=0.42s
    info: {"total": 6695, "data_len": 10, "amostra_titulos": ["<p>Dispõe sobre as atribuições do Assessor-chefe da Correged|", "<p style=\"text-align:justify\">Altera a Portaria Presidência |", "<p style=\"text-align:justify\">Altera a Portaria Presidência |"], "links": 99}
    amostra: {"message":"Atos encontrados","total":6695,"per_page":10,"current_page":3,"last_page":670,"from":21,"to":30,"data":[{"id":7013,"tipo":"Portaria","numero":101,"data_publicacao":"2026-08-28","situacao":

=== [cnj] notícias oficiais (modo=base)
    GET https://www.cnj.jus.br/wp-json/wp/v2/posts?per_page=50&_fields=id%2Cdate%2Clink%2Ctitle%2Cexcerpt%2Ctype
    status=200 ct=application/json; charset=UTF-8 bytes=39724 t=0.86s
    info: {"lista_len": 50}
    amostra: [{"id":427453,"date":"2026-09-17T14:07:49","type":"post","link":"https:\/\/www.cnj.jus.br\/meio-ambiente-concurso-de-decisoes-judiciais-recebe-inscricoes-ate-domingo-20-9\/","title":{"rendered":"Meio 

=== [cnj] notícias oficiais (página 2) (modo=base)
    GET https://www.cnj.jus.br/wp-json/wp/v2/posts?per_page=50&page=2&_fields=id%2Cdate%2Clink%2Ctitle%2Cexcerpt%2Ctype
    status=200 ct=application/json; charset=UTF-8 bytes=39423 t=0.77s
    info: {"lista_len": 50}
    amostra: [{"id":425689,"date":"2026-09-07T10:00:24","type":"post","link":"https:\/\/www.cnj.jus.br\/normas-e-politicas-de-gestao-de-precatorios-serao-tema-de-audiencia-publica-no-cnj\/","title":{"rendered":"No

=== [dou] busca por tema (7 dias) :: inteligência artificial (modo=base)
    GET https://www.in.gov.br/consulta/-/buscar/dou?q=%22intelig%C3%AAncia%20artificial%22&s=todos&exactDate=personalizado&sortType=0&delta=50&currentPage=1&publishFrom
    status=200 ct=text/html;charset=UTF-8 bytes=241340 t=1.4s
    info: {"jsonArray_ref": "presente", "hits": 50, "links": 64}
    amostra:  <!DOCTYPE html> <html class="ltr" dir="ltr" lang="pt-BR" > <head> <title>Diário Oficial

=== [dou] busca por tema (7 dias) :: algoritmo (modo=base)
    GET https://www.in.gov.br/consulta/-/buscar/dou?q=%22algoritmo%22&s=todos&exactDate=personalizado&sortType=0&delta=50&currentPage=1&publishFrom=10-09-2026&publishTo
    status=200 ct=text/html;charset=UTF-8 bytes=176268 t=1.26s
    info: {"jsonArray_ref": "presente", "hits": 2, "links": 64}
    amostra:  <!DOCTYPE html> <html class="ltr" dir="ltr" lang="pt-BR" > <head> <title>Diário Oficial

=== [mcti] atos do MCTI por tema (DOU) :: inteligência artificial (modo=base)
    GET https://www.in.gov.br/consulta/-/buscar/dou?q=%22intelig%C3%AAncia%20artificial%22&s=todos&exactDate=personalizado&sortType=0&delta=50&currentPage=1&publishFrom
    status=200 ct=text/html;charset=UTF-8 bytes=192173 t=1.34s
    info: {"jsonArray_ref": "presente", "hits": 12, "links": 64}
    amostra:  <!DOCTYPE html> <html class="ltr" dir="ltr" lang="pt-BR" > <head> <title>Diário Oficial

=== [mcti] atos do MCTI por tema (DOU) :: algoritmo (modo=base)
    GET https://www.in.gov.br/consulta/-/buscar/dou?q=%22algoritmo%22&s=todos&exactDate=personalizado&sortType=0&delta=50&currentPage=1&publishFrom=18-08-2026&publishTo
    status=ERR ct= bytes=0 t=45.17s
    erro=TimeoutError: The read operation timed out
    info: {}
    amostra: 

=== [mcti] notícias institucionais (modo=base)
    GET https://www.gov.br/mcti/pt-br/acompanhe-o-mcti/noticias
    status=200 ct=text/html;charset=utf-8 bytes=235352 t=1.84s
    info: {"bloqueio": "F5-TSPD (desafio JS)", "links": 582}
    amostra: <!DOCTYPE html> <html xmlns="http://www.w3.org/1999/xhtml" lang="pt-br" xml:lang="pt-br"> <head> <script type="text/javascript"> (function(){ window["loaderConfig"] = "/TSPD/?type=20"; })(); <

=== [mcti] notícias institucionais (modo=base)
    GET https://www.gov.br/mcti/pt-br/acompanhe-o-mcti/noticias?b_start:int=20
    status=200 ct=text/html;charset=utf-8 bytes=235352 t=2.08s
    info: {"bloqueio": "F5-TSPD (desafio JS)", "links": 582}
    amostra: <!DOCTYPE html> <html xmlns="http://www.w3.org/1999/xhtml" lang="pt-br" xml:lang="pt-br"> <head> <script type="text/javascript"> (function(){ window["loaderConfig"] = "/TSPD/?type=20"; })(); <

=== [mcti] portarias publicadas (modo=base)
    GET https://www.gov.br/mcti/pt-br/acesso-a-informacao/legislacao/portarias
    status=200 ct=text/html;charset=utf-8 bytes=159722 t=1.06s
    info: {"bloqueio": "F5-TSPD (desafio JS)", "links": 547}
    amostra: <!DOCTYPE html> <html xmlns="http://www.w3.org/1999/xhtml" lang="pt-br" xml:lang="pt-br"> <head> <script type="text/javascript"> (function(){ window["loaderConfig"] = "/TSPD/?type=20"; })(); <

=== [mcti] planos, programas e políticas (modo=base)
    GET https://www.gov.br/mcti/pt-br/acompanhe-o-mcti
    status=200 ct=text/html;charset=utf-8 bytes=162077 t=1.04s
    info: {"bloqueio": "F5-TSPD (desafio JS)", "links": 559}
    amostra: <!DOCTYPE html> <html xmlns="http://www.w3.org/1999/xhtml" lang="pt-br" xml:lang="pt-br"> <head> <script type="text/javascript"> (function(){ window["loaderConfig"] = "/TSPD/?type=20"; })(); <

=== [planalto] atos do Poder Legislativo (leis, vetos) :: inteligência artificial (modo=base)
    GET https://www.in.gov.br/consulta/-/buscar/dou?q=%22intelig%C3%AAncia%20artificial%22&s=todos&exactDate=personalizado&sortType=0&delta=50&currentPage=1&publishFrom
    status=200 ct=text/html;charset=UTF-8 bytes=177927 t=8.71s
    info: {"jsonArray_ref": "presente", "hits": 2, "links": 64}
    amostra:  <!DOCTYPE html> <html class="ltr" dir="ltr" lang="pt-BR" > <head> <title>Diário Oficial

=== [planalto] atos do Poder Legislativo (leis, vetos) :: algoritmo (modo=base)
    GET https://www.in.gov.br/consulta/-/buscar/dou?q=%22algoritmo%22&s=todos&exactDate=personalizado&sortType=0&delta=50&currentPage=1&publishFrom=19-06-2026&publishTo
    status=200 ct=text/html;charset=UTF-8 bytes=171989 t=0.97s
    info: {"jsonArray_ref": "presente", "hits": 0, "links": 64}
    amostra:  <!DOCTYPE html> <html class="ltr" dir="ltr" lang="pt-BR" > <head> <title>Diário Oficial

=== [planalto] atos da Presidência (decretos, MPs) :: inteligência artificial (modo=base)
    GET https://www.in.gov.br/consulta/-/buscar/dou?q=%22intelig%C3%AAncia%20artificial%22&s=todos&exactDate=personalizado&sortType=0&delta=50&currentPage=1&publishFrom
    status=200 ct=text/html;charset=UTF-8 bytes=195099 t=1.66s
    info: {"jsonArray_ref": "presente", "hits": 15, "links": 64}
    amostra:  <!DOCTYPE html> <html class="ltr" dir="ltr" lang="pt-BR" > <head> <title>Diário Oficial

=== [planalto] atos da Presidência (decretos, MPs) :: algoritmo (modo=base)
    GET https://www.in.gov.br/consulta/-/buscar/dou?q=%22algoritmo%22&s=todos&exactDate=personalizado&sortType=0&delta=50&currentPage=1&publishFrom=19-06-2026&publishTo
    status=200 ct=text/html;charset=UTF-8 bytes=183700 t=1.48s
    info: {"jsonArray_ref": "presente", "hits": 7, "links": 64}
    amostra:  <!DOCTYPE html> <html class="ltr" dir="ltr" lang="pt-BR" > <head> <title>Diário Oficial

=== [planalto] notícias do Planalto (RSS oficial) (modo=base)
    GET https://www.gov.br/planalto/pt-br/acompanhe-o-planalto/noticias/RSS
    status=200 ct=application/atom+xml; charset=utf-8 bytes=85543 t=0.77s
    info: {}
    amostra: <?xml version="1.0" encoding="utf-8" ?> <rdf:RDF xmlns:rdf="http://www.w3.org/1999/02/22-rdf-syntax-ns#" xmlns:dc="http://purl.org/dc/elements/1.1/" xmlns:syn="http://purl.org/rss/1.0/modules/syndicat

=== [planalto] notícias do Planalto (página oficial) (modo=base)
    GET https://www.gov.br/planalto/pt-br/acompanhe-o-planalto/noticias
    status=200 ct=text/html;charset=utf-8 bytes=180017 t=1.04s
    info: {"bloqueio": "F5-TSPD (desafio JS)", "links": 435}
    amostra: <!DOCTYPE html> <html xmlns="http://www.w3.org/1999/xhtml" lang="pt-br" xml:lang="pt-br"> <head> <script type="text/javascript"> (function(){ window["loaderConfig"] = "/TSPD/?type=20"; })(); <

=== [tse] atos normativos (portal oficial) (modo=base)
    GET https://www.tse.jus.br/++api++/@search?b_size=50&sort_on=effective&sort_order=descending&path=%2Flegislacao
    status=200 ct=application/json bytes=30616 t=0.67s
    info: {"items_total": 21226, "items_len": 50, "amostra_titulos": ["PORTARIA Nº 623, DE 15 DE SETEMBRO DE 2026|", "PORTARIA Nº 621, DE 14 DE SETEMBRO DE 2026|", "PORTARIA Nº 619, DE 14 DE SETEMBRO DE 2026|"]}
    amostra: { "@id": "https://www.tse.jus.br/++api++/@search?path=%2Flegislacao", "batching": { "@id": "https://www.tse.jus.br/++api++/@search?b_size=50&sort_on=effective&sort_order=descending&path=%2Fle

=== [tse] notícias oficiais (portal oficial) (modo=base)
    GET https://www.tse.jus.br/++api++/@search?b_size=50&sort_on=effective&sort_order=descending&portal_type=Noticia
    status=200 ct=application/json bytes=42045 t=0.24s
    info: {"items_total": 18650, "items_len": 50, "amostra_titulos": ["Delegação de Timor-Leste visita TSE para conhecer sistema el|", "TSE intensifica prevenção e combate a crimes contra as mulhe|", "TSE lança projeto \"Meu Primeiro Confirma\" para engajar joven|"]}
    amostra: { "@id": "https://www.tse.jus.br/++api++/@search?portal_type=Noticia", "batching": { "@id": "https://www.tse.jus.br/++api++/@search?b_size=50&sort_on=effective&sort_order=descending&portal_ty

=== [tse] atos e notícias por tema (portal oficial) :: inteligência artificial (modo=base)
    GET https://www.tse.jus.br/++api++/@search?SearchableText=intelig%C3%AAncia%20artificial&b_size=20&sort_on=effective&sort_order=descending
    status=200 ct=application/json bytes=31788 t=0.76s
    info: {"items_total": 83127, "items_len": 20, "amostra_titulos": ["Delegação de Timor-Leste visita TSE para conhecer sistema el|", "Wilson Grassi|", "Leonardo Avalanche|"]}
    amostra: { "@id": "https://www.tse.jus.br/++api++/@search", "batching": { "@id": "https://www.tse.jus.br/++api++/@search?b_size=20&sort_on=effective&sort_order=descending", "first": "https://www.

=== [tse] atos e notícias por tema (portal oficial) :: algoritmo (modo=base)
    GET https://www.tse.jus.br/++api++/@search?SearchableText=algoritmo&b_size=20&sort_on=effective&sort_order=descending
    status=200 ct=application/json bytes=31788 t=0.39s
    info: {"items_total": 83127, "items_len": 20, "amostra_titulos": ["Delegação de Timor-Leste visita TSE para conhecer sistema el|", "Wilson Grassi|", "Leonardo Avalanche|"]}
    amostra: { "@id": "https://www.tse.jus.br/++api++/@search", "batching": { "@id": "https://www.tse.jus.br/++api++/@search?b_size=20&sort_on=effective&sort_order=descending", "first": "https://www.

=== [tse] atos do TSE por tema (DOU) :: inteligência artificial (modo=base)
    GET https://www.in.gov.br/consulta/-/buscar/dou?q=%22intelig%C3%AAncia%20artificial%22&s=todos&exactDate=personalizado&sortType=0&delta=50&currentPage=1&publishFrom
    status=200 ct=text/html;charset=UTF-8 bytes=221387 t=1.19s
    info: {"jsonArray_ref": "presente", "hits": 37, "links": 64}
    amostra:  <!DOCTYPE html> <html class="ltr" dir="ltr" lang="pt-BR" > <head> <title>Diário Oficial

=== [tse] atos do TSE por tema (DOU) :: algoritmo (modo=base)
    GET https://www.in.gov.br/consulta/-/buscar/dou?q=%22algoritmo%22&s=todos&exactDate=personalizado&sortType=0&delta=50&currentPage=1&publishFrom=19-06-2026&publishTo
    status=200 ct=text/html;charset=UTF-8 bytes=177331 t=1.09s
    info: {"jsonArray_ref": "presente", "hits": 2, "links": 64}
    amostra:  <!DOCTYPE html> <html class="ltr" dir="ltr" lang="pt-BR" > <head> <title>Diário Oficial

=== [tse] resoluções do TSE (DOU, órgão/subórgão) (modo=base)
    GET https://www.in.gov.br/consulta/-/buscar/dou?q=RESOLU%C3%87%C3%83O&s=todos&exactDate=personalizado&sortType=0&delta=50&currentPage=1&publishFrom=19-06-2026&publi
    status=200 ct=text/html;charset=UTF-8 bytes=199200 t=1.05s
    info: {"jsonArray_ref": "presente", "hits": 20, "links": 64}
    amostra:  <!DOCTYPE html> <html class="ltr" dir="ltr" lang="pt-BR" > <head> <title>Diário Oficial

--- 32/33 responderam 200 ---
